// Vitest Snapshot v1, https://vitest.dev/guide/snapshot.html

exports[`help.spec.ts > should output help menu 1`] = `
"


🪄 [33makio[0m

  Free your brain from npm script chaos–Akio helps you search, understand, and  
  run your project scripts fast.                                                

CLI Opts

  -d, --descriptions    Do not warn if package.json "scriptDescriptions" are    
                        missing.                                                
  -f, --format          Do not include emoji or color formatting.               
  -h, --help            Display this usage guide.                               
  -i, --input           Do not prompt for an input command.                     
  -p, --pin             Pin the version of this package (skips update available 
                        check).                                                 

  https://npmjs.com/package/@abullard/akio 
"
`;
