// Vitest Snapshot v1, https://vitest.dev/guide/snapshot.html

exports[`target-package3.spec.ts > should target the root package 1`] = `
"
> node ./dist/index.cjs @root -i

[33mpnpm akio[0m
	-----
📦 [34m@abullard/akio[0m
1. [35mtest      [0m — run vitest unit tests
2. [35mtest:stub [0m — DO NOT REMOVE - stubbed npm script for snapshot tests
3. [35mbuild     [0m — This command builds Akio
4. [35mui        [0m — pnpm ui package script passthrough
5. [35mapi       [0m — pnpm api package script passthrough
"
`;
