// Vitest Snapshot v1, https://vitest.dev/guide/snapshot.html

exports[`search1.spec.ts > should run search for test npm scripts, skip input 1`] = `
"
> node ./dist/index.cjs build -i

[33mpnpm akio[0m
	-----
📦 [34m@abullard/akio[0m
1. [35mbuild:real[0m — This command builds Akio

📦 [34mapi[0m

📦 [34mui[0m
"
`;
